mode: set
github.com/tjasha/Rooms-Bookings-System/internal/handlers/handlers.go:33.62,38.2 1 0
github.com/tjasha/Rooms-Bookings-System/internal/handlers/handlers.go:41.51,46.2 1 1
github.com/tjasha/Rooms-Bookings-System/internal/handlers/handlers.go:49.33,51.2 1 1
github.com/tjasha/Rooms-Bookings-System/internal/handlers/handlers.go:55.67,58.2 1 1
github.com/tjasha/Rooms-Bookings-System/internal/handlers/handlers.go:61.68,63.2 1 1
github.com/tjasha/Rooms-Bookings-System/internal/handlers/handlers.go:66.74,70.9 2 1
github.com/tjasha/Rooms-Bookings-System/internal/handlers/handlers.go:70.9,74.3 3 1
github.com/tjasha/Rooms-Bookings-System/internal/handlers/handlers.go:77.2,78.16 2 1
github.com/tjasha/Rooms-Bookings-System/internal/handlers/handlers.go:78.16,82.3 3 1
github.com/tjasha/Rooms-Bookings-System/internal/handlers/handlers.go:84.2,102.4 10 1
github.com/tjasha/Rooms-Bookings-System/internal/handlers/handlers.go:106.78,109.9 2 0
github.com/tjasha/Rooms-Bookings-System/internal/handlers/handlers.go:109.9,113.3 3 0
github.com/tjasha/Rooms-Bookings-System/internal/handlers/handlers.go:115.2,116.16 2 0
github.com/tjasha/Rooms-Bookings-System/internal/handlers/handlers.go:116.16,120.3 3 0
github.com/tjasha/Rooms-Bookings-System/internal/handlers/handlers.go:122.2,136.19 9 0
github.com/tjasha/Rooms-Bookings-System/internal/handlers/handlers.go:136.19,146.3 5 0
github.com/tjasha/Rooms-Bookings-System/internal/handlers/handlers.go:149.2,150.16 2 0
github.com/tjasha/Rooms-Bookings-System/internal/handlers/handlers.go:150.16,154.3 3 0
github.com/tjasha/Rooms-Bookings-System/internal/handlers/handlers.go:156.2,165.16 3 0
github.com/tjasha/Rooms-Bookings-System/internal/handlers/handlers.go:165.16,169.3 3 0
github.com/tjasha/Rooms-Bookings-System/internal/handlers/handlers.go:172.2,176.66 2 0
github.com/tjasha/Rooms-Bookings-System/internal/handlers/handlers.go:181.71,183.2 1 1
github.com/tjasha/Rooms-Bookings-System/internal/handlers/handlers.go:186.69,188.2 1 1
github.com/tjasha/Rooms-Bookings-System/internal/handlers/handlers.go:191.75,193.2 1 1
github.com/tjasha/Rooms-Bookings-System/internal/handlers/handlers.go:196.79,202.16 5 0
github.com/tjasha/Rooms-Bookings-System/internal/handlers/handlers.go:202.16,206.3 3 0
github.com/tjasha/Rooms-Bookings-System/internal/handlers/handlers.go:207.2,208.16 2 0
github.com/tjasha/Rooms-Bookings-System/internal/handlers/handlers.go:208.16,212.3 3 0
github.com/tjasha/Rooms-Bookings-System/internal/handlers/handlers.go:214.2,215.16 2 0
github.com/tjasha/Rooms-Bookings-System/internal/handlers/handlers.go:215.16,218.3 2 0
github.com/tjasha/Rooms-Bookings-System/internal/handlers/handlers.go:220.2,220.29 1 0
github.com/tjasha/Rooms-Bookings-System/internal/handlers/handlers.go:220.29,222.3 1 0
github.com/tjasha/Rooms-Bookings-System/internal/handlers/handlers.go:224.2,224.21 1 0
github.com/tjasha/Rooms-Bookings-System/internal/handlers/handlers.go:224.21,229.3 3 0
github.com/tjasha/Rooms-Bookings-System/internal/handlers/handlers.go:231.2,244.4 5 0
github.com/tjasha/Rooms-Bookings-System/internal/handlers/handlers.go:256.79,260.16 2 1
github.com/tjasha/Rooms-Bookings-System/internal/handlers/handlers.go:260.16,275.3 7 0
github.com/tjasha/Rooms-Bookings-System/internal/handlers/handlers.go:276.2,286.16 9 1
github.com/tjasha/Rooms-Bookings-System/internal/handlers/handlers.go:286.16,290.3 3 0
github.com/tjasha/Rooms-Bookings-System/internal/handlers/handlers.go:291.2,294.16 3 1
github.com/tjasha/Rooms-Bookings-System/internal/handlers/handlers.go:294.16,298.3 3 0
github.com/tjasha/Rooms-Bookings-System/internal/handlers/handlers.go:300.2,305.16 3 1
github.com/tjasha/Rooms-Bookings-System/internal/handlers/handlers.go:305.16,316.3 5 0
github.com/tjasha/Rooms-Bookings-System/internal/handlers/handlers.go:318.2,335.14 4 1
github.com/tjasha/Rooms-Bookings-System/internal/handlers/handlers.go:339.70,341.2 1 1
github.com/tjasha/Rooms-Bookings-System/internal/handlers/handlers.go:344.81,347.9 2 0
github.com/tjasha/Rooms-Bookings-System/internal/handlers/handlers.go:347.9,353.3 4 0
github.com/tjasha/Rooms-Bookings-System/internal/handlers/handlers.go:356.2,370.4 9 0
github.com/tjasha/Rooms-Bookings-System/internal/handlers/handlers.go:374.73,378.16 2 0
github.com/tjasha/Rooms-Bookings-System/internal/handlers/handlers.go:378.16,381.3 2 0
github.com/tjasha/Rooms-Bookings-System/internal/handlers/handlers.go:385.2,386.9 2 0
github.com/tjasha/Rooms-Bookings-System/internal/handlers/handlers.go:386.9,389.3 2 0
github.com/tjasha/Rooms-Bookings-System/internal/handlers/handlers.go:392.2,397.63 3 0
github.com/tjasha/Rooms-Bookings-System/internal/handlers/handlers.go:401.71,410.16 7 0
github.com/tjasha/Rooms-Bookings-System/internal/handlers/handlers.go:410.16,413.3 2 0
github.com/tjasha/Rooms-Bookings-System/internal/handlers/handlers.go:415.2,416.16 2 0
github.com/tjasha/Rooms-Bookings-System/internal/handlers/handlers.go:416.16,419.3 2 0
github.com/tjasha/Rooms-Bookings-System/internal/handlers/handlers.go:421.2,428.63 7 0
